
> sudaksha-nws@1.0.0 build
> next build

Γû▓ Next.js 16.1.1 (Turbopack)
- Environments: .env

node.exe : ΓÜá The 
"middleware" file 
convention is 
deprecated. Please 
use "proxy" instead. 
Learn more: https://n
extjs.org/docs/messag
es/middleware-to-prox
y
At C:\Program Files\n
odejs\npm.ps1:29 
char:3
+   & $NODE_EXE 
$NPM_CLI_JS $args
+   ~~~~~~~~~~~~~~~~~
~~~~~~~~~~~~
    + CategoryInfo   
           : NotSpe  
  cified: (ΓÜá The   
  "middle...lewar    
e-to-proxy:Strin    
g) [], RemoteExc    
eption
    + FullyQualified 
   ErrorId : Native  
  CommandError
 
  Creating an optimized production build ...

> Build error 
occurred
Error: Turbopack 
build failed with 9 
errors:
./app/(admin)/layout.
tsx:1:1
Module not found: 
Can't resolve '../../
src/app/globals.css'
[0m[31m[1m>[22m[
39m[90m 1 |[39m 
[36mimport[39m [32
m'../../src/app/globa
ls.css'[39m
 [90m   |[39m [31m
[1m^[22m[39m[31m
[1m^[22m[39m[31m[
1m^[22m[39m[31m[1
m^[22m[39m[31m[1m
^[22m[39m[31m[1m^
[22m[39m[31m[1m^
[22m[39m[31m[1m^[
22m[39m[31m[1m^[2
2m[39m[31m[1m^[22
m[39m[31m[1m^[22m
[39m[31m[1m^[22m
[39m[31m[1m^[22m[
39m[31m[1m^[22m[3
9m[31m[1m^[22m[39
m[31m[1m^[22m[39m
[31m[1m^[22m[39m
[31m[1m^[22m[39m[
31m[1m^[22m[39m[3
1m[1m^[22m[39m[31
m[1m^[22m[39m[31m
[1m^[22m[39m[31m
[1m^[22m[39m[31m[
1m^[22m[39m[31m[1
m^[22m[39m[31m[1m
^[22m[39m[31m[1m^
[22m[39m[31m[1m^
[22m[39m[31m[1m^[
22m[39m[31m[1m^[2
2m[39m[31m[1m^[22
m[39m[31m[1m^[22m
[39m[31m[1m^[22m
[39m[31m[1m^[22m[
39m
 [90m 2 |[39m 
[36mimport[39m 
type { 
[33mMetadata[39m } 
[36mfrom[39m 
[32m'next'[39m
 [90m 3 |[39m 
[36mimport[39m { 
[33mProviders[39m 
} [36mfrom[39m [32
m'../../components/pr
oviders'[39m
 [90m 4 |[39m[0m



https://nextjs.org/do
cs/messages/module-no
t-found


./app/api/v1/activiti
es/[id]/route.ts:7:1
Module not found: 
Can't resolve '@/page
s/api/auth/[...nextau
th]'
[0m [90m  5 |[39m 
[36mimport[39m { [
33mNextRequest[39m 
} [36mfrom[39m [32
m'next/server'[39m[
33m;[39m
 [90m  6 |[39m 
[36mimport[39m { 
getServerSession } 
[36mfrom[39m [32m'
next-auth'[39m[33m;
[39m
[31m[1m>[22m[39m
[90m  7 |[39m 
[36mimport[39m { 
authOptions } 
[36mfrom[39m [32m'
@/pages/api/auth/[...
nextauth]'[39m[33m;
[39m
 [90m    |[39m [31
m[1m^[22m[39m[31m
[1m^[22m[39m[31m
[1m^[22m[39m[31m[
1m^[22m[39m[31m[1
m^[22m[39m[31m[1m
^[22m[39m[31m[1m^
[22m[39m[31m[1m^
[22m[39m[31m[1m^[
22m[39m[31m[1m^[2
2m[39m[31m[1m^[22
m[39m[31m[1m^[22m
[39m[31m[1m^[22m
[39m[31m[1m^[22m[
39m[31m[1m^[22m[3
9m[31m[1m^[22m[39
m[31m[1m^[22m[39m
[31m[1m^[22m[39m
[31m[1m^[22m[39m[
31m[1m^[22m[39m[3
1m[1m^[22m[39m[31
m[1m^[22m[39m[31m
[1m^[22m[39m[31m
[1m^[22m[39m[31m[
1m^[22m[39m[31m[1
m^[22m[39m[31m[1m
^[22m[39m[31m[1m^
[22m[39m[31m[1m^
[22m[39m[31m[1m^[
22m[39m[31m[1m^[2
2m[39m[31m[1m^[22
m[39m[31m[1m^[22m
[39m[31m[1m^[22m
[39m[31m[1m^[22m[
39m[31m[1m^[22m[3
9m[31m[1m^[22m[39
m[31m[1m^[22m[39m
[31m[1m^[22m[39m
[31m[1m^[22m[39m[
31m[1m^[22m[39m[3
1m[1m^[22m[39m[31
m[1m^[22m[39m[31m
[1m^[22m[39m[31m
[1m^[22m[39m[31m[
1m^[22m[39m[31m[1
m^[22m[39m[31m[1m
^[22m[39m[31m[1m^
[22m[39m[31m[1m^
[22m[39m[31m[1m^[
22m[39m[31m[1m^[2
2m[39m[31m[1m^[22
m[39m[31m[1m^[22m
[39m[31m[1m^[22m
[39m[31m[1m^[22m[
39m[31m[1m^[22m[3
9m[31m[1m^[22m[39
m[31m[1m^[22m[39m
[31m[1m^[22m[39m
[31m[1m^[22m[39m
 [90m  8 |[39m 
[36mimport[39m { [
33mPrismaClient[39m 
} [36mfrom[39m [32
m'@prisma/client'[39
m[33m;[39m
 [90m  9 |[39m 
[36mimport[39m {
 [90m 10 |[39m     
sendSuccess[33m,[39
m[0m

Import map: aliased 
to relative './src/pa
ges/api/auth/[...next
auth]' inside of 
[project]/ | aliased 
to relative './app/pa
ges/api/auth/[...next
auth]' inside of 
[project]/ | aliased 
to relative './lib/pa
ges/api/auth/[...next
auth]' inside of 
[project]/ | aliased 
to relative './hooks/
pages/api/auth/[...ne
xtauth]' inside of 
[project]/ | aliased 
to relative './types/
pages/api/auth/[...ne
xtauth]' inside of 
[project]/ | aliased 
to relative './pages/
api/auth/[...nextauth
]' inside of 
[project]/


https://nextjs.org/do
cs/messages/module-no
t-found


./app/api/v1/activiti
es/route.ts:7:1
Module not found: 
Can't resolve '@/page
s/api/auth/[...nextau
th]'
[0m [90m  5 |[39m 
[36mimport[39m { [
33mNextRequest[39m 
} [36mfrom[39m [32
m'next/server'[39m[
33m;[39m
 [90m  6 |[39m 
[36mimport[39m { 
getServerSession } 
[36mfrom[39m [32m'
next-auth'[39m[33m;
[39m
[31m[1m>[22m[39m
[90m  7 |[39m 
[36mimport[39m { 
authOptions } 
[36mfrom[39m [32m'
@/pages/api/auth/[...
nextauth]'[39m[33m;
[39m
 [90m    |[39m [31
m[1m^[22m[39m[31m
[1m^[22m[39m[31m
[1m^[22m[39m[31m[
1m^[22m[39m[31m[1
m^[22m[39m[31m[1m
^[22m[39m[31m[1m^
[22m[39m[31m[1m^
[22m[39m[31m[1m^[
22m[39m[31m[1m^[2
2m[39m[31m[1m^[22
m[39m[31m[1m^[22m
[39m[31m[1m^[22m
[39m[31m[1m^[22m[
39m[31m[1m^[22m[3
9m[31m[1m^[22m[39
m[31m[1m^[22m[39m
[31m[1m^[22m[39m
[31m[1m^[22m[39m[
31m[1m^[22m[39m[3
1m[1m^[22m[39m[31
m[1m^[22m[39m[31m
[1m^[22m[39m[31m
[1m^[22m[39m[31m[
1m^[22m[39m[31m[1
m^[22m[39m[31m[1m
^[22m[39m[31m[1m^
[22m[39m[31m[1m^
[22m[39m[31m[1m^[
22m[39m[31m[1m^[2
2m[39m[31m[1m^[22
m[39m[31m[1m^[22m
[39m[31m[1m^[22m
[39m[31m[1m^[22m[
39m[31m[1m^[22m[3
9m[31m[1m^[22m[39
m[31m[1m^[22m[39m
[31m[1m^[22m[39m
[31m[1m^[22m[39m[
31m[1m^[22m[39m[3
1m[1m^[22m[39m[31
m[1m^[22m[39m[31m
[1m^[22m[39m[31m
[1m^[22m[39m[31m[
1m^[22m[39m[31m[1
m^[22m[39m[31m[1m
^[22m[39m[31m[1m^
[22m[39m[31m[1m^
[22m[39m[31m[1m^[
22m[39m[31m[1m^[2
2m[39m[31m[1m^[22
m[39m[31m[1m^[22m
[39m[31m[1m^[22m
[39m[31m[1m^[22m[
39m[31m[1m^[22m[3
9m[31m[1m^[22m[39
m[31m[1m^[22m[39m
[31m[1m^[22m[39m
[31m[1m^[22m[39m
 [90m  8 |[39m 
[36mimport[39m { [
33mPrismaClient[39m 
} [36mfrom[39m [32
m'@prisma/client'[39
m[33m;[39m
 [90m  9 |[39m 
[36mimport[39m {
 [90m 10 |[39m     
sendSuccess[33m,[39
m[0m

Import map: aliased 
to relative './src/pa
ges/api/auth/[...next
auth]' inside of 
[project]/ | aliased 
to relative './app/pa
ges/api/auth/[...next
auth]' inside of 
[project]/ | aliased 
to relative './lib/pa
ges/api/auth/[...next
auth]' inside of 
[project]/ | aliased 
to relative './hooks/
pages/api/auth/[...ne
xtauth]' inside of 
[project]/ | aliased 
to relative './types/
pages/api/auth/[...ne
xtauth]' inside of 
[project]/ | aliased 
to relative './pages/
api/auth/[...nextauth
]' inside of 
[project]/


https://nextjs.org/do
cs/messages/module-no
t-found


./app/api/v1/members/
[id]/route.ts:11:1
Module not found: 
Can't resolve '@/page
s/api/auth/[...nextau
th]'
[0m [90m  9 |[39m 
[36mimport[39m { [
33mNextRequest[39m 
} [36mfrom[39m [32
m'next/server'[39m[
33m;[39m
 [90m 10 |[39m 
[36mimport[39m { 
getServerSession } 
[36mfrom[39m [32m'
next-auth'[39m[33m;
[39m
[31m[1m>[22m[39m
[90m 11 |[39m 
[36mimport[39m { 
authOptions } 
[36mfrom[39m [32m'
@/pages/api/auth/[...
nextauth]'[39m[33m;
[39m
 [90m    |[39m [31
m[1m^[22m[39m[31m
[1m^[22m[39m[31m
[1m^[22m[39m[31m[
1m^[22m[39m[31m[1
m^[22m[39m[31m[1m
^[22m[39m[31m[1m^
[22m[39m[31m[1m^
[22m[39m[31m[1m^[
22m[39m[31m[1m^[2
2m[39m[31m[1m^[22
m[39m[31m[1m^[22m
[39m[31m[1m^[22m
[39m[31m[1m^[22m[
39m[31m[1m^[22m[3
9m[31m[1m^[22m[39
m[31m[1m^[22m[39m
[31m[1m^[22m[39m
[31m[1m^[22m[39m[
31m[1m^[22m[39m[3
1m[1m^[22m[39m[31
m[1m^[22m[39m[31m
[1m^[22m[39m[31m
[1m^[22m[39m[31m[
1m^[22m[39m[31m[1
m^[22m[39m[31m[1m
^[22m[39m[31m[1m^
[22m[39m[31m[1m^
[22m[39m[31m[1m^[
22m[39m[31m[1m^[2
2m[39m[31m[1m^[22
m[39m[31m[1m^[22m
[39m[31m[1m^[22m
[39m[31m[1m^[22m[
39m[31m[1m^[22m[3
9m[31m[1m^[22m[39
m[31m[1m^[22m[39m
[31m[1m^[22m[39m
[31m[1m^[22m[39m[
31m[1m^[22m[39m[3
1m[1m^[22m[39m[31
m[1m^[22m[39m[31m
[1m^[22m[39m[31m
[1m^[22m[39m[31m[
1m^[22m[39m[31m[1
m^[22m[39m[31m[1m
^[22m[39m[31m[1m^
[22m[39m[31m[1m^
[22m[39m[31m[1m^[
22m[39m[31m[1m^[2
2m[39m[31m[1m^[22
m[39m[31m[1m^[22m
[39m[31m[1m^[22m
[39m[31m[1m^[22m[
39m[31m[1m^[22m[3
9m[31m[1m^[22m[39
m[31m[1m^[22m[39m
[31m[1m^[22m[39m
[31m[1m^[22m[39m
 [90m 12 |[39m 
[36mimport[39m { [
33mPrismaClient[39m 
} [36mfrom[39m [32
m'@prisma/client'[39
m[33m;[39m
 [90m 13 |[39m 
[36mimport[39m {
 [90m 14 |[39m     
sendSuccess[33m,[39
m[0m

Import map: aliased 
to relative './src/pa
ges/api/auth/[...next
auth]' inside of 
[project]/ | aliased 
to relative './app/pa
ges/api/auth/[...next
auth]' inside of 
[project]/ | aliased 
to relative './lib/pa
ges/api/auth/[...next
auth]' inside of 
[project]/ | aliased 
to relative './hooks/
pages/api/auth/[...ne
xtauth]' inside of 
[project]/ | aliased 
to relative './types/
pages/api/auth/[...ne
xtauth]' inside of 
[project]/ | aliased 
to relative './pages/
api/auth/[...nextauth
]' inside of 
[project]/


https://nextjs.org/do
cs/messages/module-no
t-found


./app/api/v1/members/
route.ts:10:1
Module not found: 
Can't resolve '@/page
s/api/auth/[...nextau
th]'
[0m [90m  8 |[39m 
[36mimport[39m { [
33mNextRequest[39m 
} [36mfrom[39m [32
m'next/server'[39m[
33m;[39m
 [90m  9 |[39m 
[36mimport[39m { 
getServerSession } 
[36mfrom[39m [32m'
next-auth'[39m[33m;
[39m
[31m[1m>[22m[39m
[90m 10 |[39m 
[36mimport[39m { 
authOptions } 
[36mfrom[39m [32m'
@/pages/api/auth/[...
nextauth]'[39m[33m;
[39m
 [90m    |[39m [31
m[1m^[22m[39m[31m
[1m^[22m[39m[31m
[1m^[22m[39m[31m[
1m^[22m[39m[31m[1
m^[22m[39m[31m[1m
^[22m[39m[31m[1m^
[22m[39m[31m[1m^
[22m[39m[31m[1m^[
22m[39m[31m[1m^[2
2m[39m[31m[1m^[22
m[39m[31m[1m^[22m
[39m[31m[1m^[22m
[39m[31m[1m^[22m[
39m[31m[1m^[22m[3
9m[31m[1m^[22m[39
m[31m[1m^[22m[39m
[31m[1m^[22m[39m
[31m[1m^[22m[39m[
31m[1m^[22m[39m[3
1m[1m^[22m[39m[31
m[1m^[22m[39m[31m
[1m^[22m[39m[31m
[1m^[22m[39m[31m[
1m^[22m[39m[31m[1
m^[22m[39m[31m[1m
^[22m[39m[31m[1m^
[22m[39m[31m[1m^
[22m[39m[31m[1m^[
22m[39m[31m[1m^[2
2m[39m[31m[1m^[22
m[39m[31m[1m^[22m
[39m[31m[1m^[22m
[39m[31m[1m^[22m[
39m[31m[1m^[22m[3
9m[31m[1m^[22m[39
m[31m[1m^[22m[39m
[31m[1m^[22m[39m
[31m[1m^[22m[39m[
31m[1m^[22m[39m[3
1m[1m^[22m[39m[31
m[1m^[22m[39m[31m
[1m^[22m[39m[31m
[1m^[22m[39m[31m[
1m^[22m[39m[31m[1
m^[22m[39m[31m[1m
^[22m[39m[31m[1m^
[22m[39m[31m[1m^
[22m[39m[31m[1m^[
22m[39m[31m[1m^[2
2m[39m[31m[1m^[22
m[39m[31m[1m^[22m
[39m[31m[1m^[22m
[39m[31m[1m^[22m[
39m[31m[1m^[22m[3
9m[31m[1m^[22m[39
m[31m[1m^[22m[39m
[31m[1m^[22m[39m
[31m[1m^[22m[39m
 [90m 11 |[39m 
[36mimport[39m { [
33mPrismaClient[39m 
} [36mfrom[39m [32
m'@prisma/client'[39
m[33m;[39m
 [90m 12 |[39m 
[36mimport[39m {
 [90m 13 |[39m     
sendSuccess[33m,[39
m[0m

Import map: aliased 
to relative './src/pa
ges/api/auth/[...next
auth]' inside of 
[project]/ | aliased 
to relative './app/pa
ges/api/auth/[...next
auth]' inside of 
[project]/ | aliased 
to relative './lib/pa
ges/api/auth/[...next
auth]' inside of 
[project]/ | aliased 
to relative './hooks/
pages/api/auth/[...ne
xtauth]' inside of 
[project]/ | aliased 
to relative './types/
pages/api/auth/[...ne
xtauth]' inside of 
[project]/ | aliased 
to relative './pages/
api/auth/[...nextauth
]' inside of 
[project]/


https://nextjs.org/do
cs/messages/module-no
t-found


./app/api/v1/org-unit
s/[id]/route.ts:7:1
Module not found: 
Can't resolve '@/page
s/api/auth/[...nextau
th]'
[0m [90m  5 |[39m 
[36mimport[39m { [
33mNextRequest[39m 
} [36mfrom[39m [32
m'next/server'[39m[
33m;[39m
 [90m  6 |[39m 
[36mimport[39m { 
getServerSession } 
[36mfrom[39m [32m'
next-auth'[39m[33m;
[39m
[31m[1m>[22m[39m
[90m  7 |[39m 
[36mimport[39m { 
authOptions } 
[36mfrom[39m [32m'
@/pages/api/auth/[...
nextauth]'[39m[33m;
[39m
 [90m    |[39m [31
m[1m^[22m[39m[31m
[1m^[22m[39m[31m
[1m^[22m[39m[31m[
1m^[22m[39m[31m[1
m^[22m[39m[31m[1m
^[22m[39m[31m[1m^
[22m[39m[31m[1m^
[22m[39m[31m[1m^[
22m[39m[31m[1m^[2
2m[39m[31m[1m^[22
m[39m[31m[1m^[22m
[39m[31m[1m^[22m
[39m[31m[1m^[22m[
39m[31m[1m^[22m[3
9m[31m[1m^[22m[39
m[31m[1m^[22m[39m
[31m[1m^[22m[39m
[31m[1m^[22m[39m[
31m[1m^[22m[39m[3
1m[1m^[22m[39m[31
m[1m^[22m[39m[31m
[1m^[22m[39m[31m
[1m^[22m[39m[31m[
1m^[22m[39m[31m[1
m^[22m[39m[31m[1m
^[22m[39m[31m[1m^
[22m[39m[31m[1m^
[22m[39m[31m[1m^[
22m[39m[31m[1m^[2
2m[39m[31m[1m^[22
m[39m[31m[1m^[22m
[39m[31m[1m^[22m
[39m[31m[1m^[22m[
39m[31m[1m^[22m[3
9m[31m[1m^[22m[39
m[31m[1m^[22m[39m
[31m[1m^[22m[39m
[31m[1m^[22m[39m[
31m[1m^[22m[39m[3
1m[1m^[22m[39m[31
m[1m^[22m[39m[31m
[1m^[22m[39m[31m
[1m^[22m[39m[31m[
1m^[22m[39m[31m[1
m^[22m[39m[31m[1m
^[22m[39m[31m[1m^
[22m[39m[31m[1m^
[22m[39m[31m[1m^[
22m[39m[31m[1m^[2
2m[39m[31m[1m^[22
m[39m[31m[1m^[22m
[39m[31m[1m^[22m
[39m[31m[1m^[22m[
39m[31m[1m^[22m[3
9m[31m[1m^[22m[39
m[31m[1m^[22m[39m
[31m[1m^[22m[39m
[31m[1m^[22m[39m
 [90m  8 |[39m 
[36mimport[39m { [
33mPrismaClient[39m 
} [36mfrom[39m [32
m'@prisma/client'[39
m[33m;[39m
 [90m  9 |[39m 
[36mimport[39m {
 [90m 10 |[39m     
sendSuccess[33m,[39
m[0m

Import map: aliased 
to relative './src/pa
ges/api/auth/[...next
auth]' inside of 
[project]/ | aliased 
to relative './app/pa
ges/api/auth/[...next
auth]' inside of 
[project]/ | aliased 
to relative './lib/pa
ges/api/auth/[...next
auth]' inside of 
[project]/ | aliased 
to relative './hooks/
pages/api/auth/[...ne
xtauth]' inside of 
[project]/ | aliased 
to relative './types/
pages/api/auth/[...ne
xtauth]' inside of 
[project]/ | aliased 
to relative './pages/
api/auth/[...nextauth
]' inside of 
[project]/


https://nextjs.org/do
cs/messages/module-no
t-found


./app/api/v1/org-unit
s/route.ts:10:1
Module not found: 
Can't resolve '@/page
s/api/auth/[...nextau
th]'
[0m [90m  8 |[39m 
[36mimport[39m { [
33mNextRequest[39m 
} [36mfrom[39m [32
m'next/server'[39m[
33m;[39m
 [90m  9 |[39m 
[36mimport[39m { 
getServerSession } 
[36mfrom[39m [32m'
next-auth'[39m[33m;
[39m
[31m[1m>[22m[39m
[90m 10 |[39m 
[36mimport[39m { 
authOptions } 
[36mfrom[39m [32m'
@/pages/api/auth/[...
nextauth]'[39m[33m;
[39m
 [90m    |[39m [31
m[1m^[22m[39m[31m
[1m^[22m[39m[31m
[1m^[22m[39m[31m[
1m^[22m[39m[31m[1
m^[22m[39m[31m[1m
^[22m[39m[31m[1m^
[22m[39m[31m[1m^
[22m[39m[31m[1m^[
22m[39m[31m[1m^[2
2m[39m[31m[1m^[22
m[39m[31m[1m^[22m
[39m[31m[1m^[22m
[39m[31m[1m^[22m[
39m[31m[1m^[22m[3
9m[31m[1m^[22m[39
m[31m[1m^[22m[39m
[31m[1m^[22m[39m
[31m[1m^[22m[39m[
31m[1m^[22m[39m[3
1m[1m^[22m[39m[31
m[1m^[22m[39m[31m
[1m^[22m[39m[31m
[1m^[22m[39m[31m[
1m^[22m[39m[31m[1
m^[22m[39m[31m[1m
^[22m[39m[31m[1m^
[22m[39m[31m[1m^
[22m[39m[31m[1m^[
22m[39m[31m[1m^[2
2m[39m[31m[1m^[22
m[39m[31m[1m^[22m
[39m[31m[1m^[22m
[39m[31m[1m^[22m[
39m[31m[1m^[22m[3
9m[31m[1m^[22m[39
m[31m[1m^[22m[39m
[31m[1m^[22m[39m
[31m[1m^[22m[39m[
31m[1m^[22m[39m[3
1m[1m^[22m[39m[31
m[1m^[22m[39m[31m
[1m^[22m[39m[31m
[1m^[22m[39m[31m[
1m^[22m[39m[31m[1
m^[22m[39m[31m[1m
^[22m[39m[31m[1m^
[22m[39m[31m[1m^
[22m[39m[31m[1m^[
22m[39m[31m[1m^[2
2m[39m[31m[1m^[22
m[39m[31m[1m^[22m
[39m[31m[1m^[22m
[39m[31m[1m^[22m[
39m[31m[1m^[22m[3
9m[31m[1m^[22m[39
m[31m[1m^[22m[39m
[31m[1m^[22m[39m
[31m[1m^[22m[39m
 [90m 11 |[39m 
[36mimport[39m { [
33mPrismaClient[39m 
} [36mfrom[39m [32
m'@prisma/client'[39
m[33m;[39m
 [90m 12 |[39m 
[36mimport[39m {
 [90m 13 |[39m     
sendSuccess[33m,[39
m[0m

Import map: aliased 
to relative './src/pa
ges/api/auth/[...next
auth]' inside of 
[project]/ | aliased 
to relative './app/pa
ges/api/auth/[...next
auth]' inside of 
[project]/ | aliased 
to relative './lib/pa
ges/api/auth/[...next
auth]' inside of 
[project]/ | aliased 
to relative './hooks/
pages/api/auth/[...ne
xtauth]' inside of 
[project]/ | aliased 
to relative './types/
pages/api/auth/[...ne
xtauth]' inside of 
[project]/ | aliased 
to relative './pages/
api/auth/[...nextauth
]' inside of 
[project]/


https://nextjs.org/do
cs/messages/module-no
t-found


./app/api/v1/tenants/
[id]/route.ts:11:1
Module not found: 
Can't resolve '@/page
s/api/auth/[...nextau
th]'
[0m [90m  9 |[39m 
[36mimport[39m { [
33mNextRequest[39m 
} [36mfrom[39m [32
m'next/server'[39m[
33m;[39m
 [90m 10 |[39m 
[36mimport[39m { 
getServerSession } 
[36mfrom[39m [32m'
next-auth'[39m[33m;
[39m
[31m[1m>[22m[39m
[90m 11 |[39m 
[36mimport[39m { 
authOptions } 
[36mfrom[39m [32m'
@/pages/api/auth/[...
nextauth]'[39m[33m;
[39m
 [90m    |[39m [31
m[1m^[22m[39m[31m
[1m^[22m[39m[31m
[1m^[22m[39m[31m[
1m^[22m[39m[31m[1
m^[22m[39m[31m[1m
^[22m[39m[31m[1m^
[22m[39m[31m[1m^
[22m[39m[31m[1m^[
22m[39m[31m[1m^[2
2m[39m[31m[1m^[22
m[39m[31m[1m^[22m
[39m[31m[1m^[22m
[39m[31m[1m^[22m[
39m[31m[1m^[22m[3
9m[31m[1m^[22m[39
m[31m[1m^[22m[39m
[31m[1m^[22m[39m
[31m[1m^[22m[39m[
31m[1m^[22m[39m[3
1m[1m^[22m[39m[31
m[1m^[22m[39m[31m
[1m^[22m[39m[31m
[1m^[22m[39m[31m[
1m^[22m[39m[31m[1
m^[22m[39m[31m[1m
^[22m[39m[31m[1m^
[22m[39m[31m[1m^
[22m[39m[31m[1m^[
22m[39m[31m[1m^[2
2m[39m[31m[1m^[22
m[39m[31m[1m^[22m
[39m[31m[1m^[22m
[39m[31m[1m^[22m[
39m[31m[1m^[22m[3
9m[31m[1m^[22m[39
m[31m[1m^[22m[39m
[31m[1m^[22m[39m
[31m[1m^[22m[39m[
31m[1m^[22m[39m[3
1m[1m^[22m[39m[31
m[1m^[22m[39m[31m
[1m^[22m[39m[31m
[1m^[22m[39m[31m[
1m^[22m[39m[31m[1
m^[22m[39m[31m[1m
^[22m[39m[31m[1m^
[22m[39m[31m[1m^
[22m[39m[31m[1m^[
22m[39m[31m[1m^[2
2m[39m[31m[1m^[22
m[39m[31m[1m^[22m
[39m[31m[1m^[22m
[39m[31m[1m^[22m[
39m[31m[1m^[22m[3
9m[31m[1m^[22m[39
m[31m[1m^[22m[39m
[31m[1m^[22m[39m
[31m[1m^[22m[39m
 [90m 12 |[39m 
[36mimport[39m { [
33mPrismaClient[39m 
} [36mfrom[39m [32
m'@prisma/client'[39
m[33m;[39m
 [90m 13 |[39m 
[36mimport[39m {
 [90m 14 |[39m     
sendSuccess[33m,[39
m[0m

Import map: aliased 
to relative './src/pa
ges/api/auth/[...next
auth]' inside of 
[project]/ | aliased 
to relative './app/pa
ges/api/auth/[...next
auth]' inside of 
[project]/ | aliased 
to relative './lib/pa
ges/api/auth/[...next
auth]' inside of 
[project]/ | aliased 
to relative './hooks/
pages/api/auth/[...ne
xtauth]' inside of 
[project]/ | aliased 
to relative './types/
pages/api/auth/[...ne
xtauth]' inside of 
[project]/ | aliased 
to relative './pages/
api/auth/[...nextauth
]' inside of 
[project]/


https://nextjs.org/do
cs/messages/module-no
t-found


./app/api/v1/tenants/
route.ts:10:1
Module not found: 
Can't resolve '@/page
s/api/auth/[...nextau
th]'
[0m [90m  8 |[39m 
[36mimport[39m { [
33mNextRequest[39m 
} [36mfrom[39m [32
m'next/server'[39m[
33m;[39m
 [90m  9 |[39m 
[36mimport[39m { 
getServerSession } 
[36mfrom[39m [32m'
next-auth'[39m[33m;
[39m
[31m[1m>[22m[39m
[90m 10 |[39m 
[36mimport[39m { 
authOptions } 
[36mfrom[39m [32m'
@/pages/api/auth/[...
nextauth]'[39m[33m;
[39m
 [90m    |[39m [31
m[1m^[22m[39m[31m
[1m^[22m[39m[31m
[1m^[22m[39m[31m[
1m^[22m[39m[31m[1
m^[22m[39m[31m[1m
^[22m[39m[31m[1m^
[22m[39m[31m[1m^
[22m[39m[31m[1m^[
22m[39m[31m[1m^[2
2m[39m[31m[1m^[22
m[39m[31m[1m^[22m
[39m[31m[1m^[22m
[39m[31m[1m^[22m[
39m[31m[1m^[22m[3
9m[31m[1m^[22m[39
m[31m[1m^[22m[39m
[31m[1m^[22m[39m
[31m[1m^[22m[39m[
31m[1m^[22m[39m[3
1m[1m^[22m[39m[31
m[1m^[22m[39m[31m
[1m^[22m[39m[31m
[1m^[22m[39m[31m[
1m^[22m[39m[31m[1
m^[22m[39m[31m[1m
^[22m[39m[31m[1m^
[22m[39m[31m[1m^
[22m[39m[31m[1m^[
22m[39m[31m[1m^[2
2m[39m[31m[1m^[22
m[39m[31m[1m^[22m
[39m[31m[1m^[22m
[39m[31m[1m^[22m[
39m[31m[1m^[22m[3
9m[31m[1m^[22m[39
m[31m[1m^[22m[39m
[31m[1m^[22m[39m
[31m[1m^[22m[39m[
31m[1m^[22m[39m[3
1m[1m^[22m[39m[31
m[1m^[22m[39m[31m
[1m^[22m[39m[31m
[1m^[22m[39m[31m[
1m^[22m[39m[31m[1
m^[22m[39m[31m[1m
^[22m[39m[31m[1m^
[22m[39m[31m[1m^
[22m[39m[31m[1m^[
22m[39m[31m[1m^[2
2m[39m[31m[1m^[22
m[39m[31m[1m^[22m
[39m[31m[1m^[22m
[39m[31m[1m^[22m[
39m[31m[1m^[22m[3
9m[31m[1m^[22m[39
m[31m[1m^[22m[39m
[31m[1m^[22m[39m
[31m[1m^[22m[39m
 [90m 11 |[39m 
[36mimport[39m { [
33mPrismaClient[39m 
} [36mfrom[39m [32
m'@prisma/client'[39
m[33m;[39m
 [90m 12 |[39m 
[36mimport[39m {
 [90m 13 |[39m     
sendSuccess[33m,[39
m[0m

Import map: aliased 
to relative './src/pa
ges/api/auth/[...next
auth]' inside of 
[project]/ | aliased 
to relative './app/pa
ges/api/auth/[...next
auth]' inside of 
[project]/ | aliased 
to relative './lib/pa
ges/api/auth/[...next
auth]' inside of 
[project]/ | aliased 
to relative './hooks/
pages/api/auth/[...ne
xtauth]' inside of 
[project]/ | aliased 
to relative './types/
pages/api/auth/[...ne
xtauth]' inside of 
[project]/ | aliased 
to relative './pages/
api/auth/[...nextauth
]' inside of 
[project]/


https://nextjs.org/do
cs/messages/module-no
t-found


    at <unknown> (./a
pp/(admin)/layout.tsx
:1:1)
    at <unknown> (htt
ps://nextjs.org/docs/
messages/module-not-f
ound)
    at <unknown> (./a
pp/api/v1/activities/
[id]/route.ts:7:1)
    at <unknown> (htt
ps://nextjs.org/docs/
messages/module-not-f
ound)
    at <unknown> (./a
pp/api/v1/activities/
route.ts:7:1)
    at <unknown> (htt
ps://nextjs.org/docs/
messages/module-not-f
ound)
    at <unknown> (./a
pp/api/v1/members/[id
]/route.ts:11:1)
    at <unknown> (htt
ps://nextjs.org/docs/
messages/module-not-f
ound)
    at <unknown> (./a
pp/api/v1/members/rou
te.ts:10:1)
    at <unknown> (htt
ps://nextjs.org/docs/
messages/module-not-f
ound)
    at <unknown> (./a
pp/api/v1/org-units/[
id]/route.ts:7:1)
    at <unknown> (htt
ps://nextjs.org/docs/
messages/module-not-f
ound)
    at <unknown> (./a
pp/api/v1/org-units/r
oute.ts:10:1)
    at <unknown> (htt
ps://nextjs.org/docs/
messages/module-not-f
ound)
    at <unknown> (./a
pp/api/v1/tenants/[id
]/route.ts:11:1)
    at <unknown> (htt
ps://nextjs.org/docs/
messages/module-not-f
ound)
    at <unknown> (./a
pp/api/v1/tenants/rou
te.ts:10:1)
    at <unknown> (htt
ps://nextjs.org/docs/
messages/module-not-f
ound)
