
> sudaksha-nws@1.1.0 build
> next build

Γû▓ Next.js 16.1.6 (Turbopack)
- Environments: .env

node.exe : ΓÜá The "middleware" file convention is 
deprecated. Please use "proxy" instead. Learn more: 
https://nextjs.org/docs/messages/middleware-to-proxy
At C:\Program Files\nodejs\npm.ps1:29 char:3
+   & $NODE_EXE $NPM_CLI_JS $args
+   ~~~~~~~~~~~~~~~~~~~~~~~~~~~~~
    + CategoryInfo          : NotSpecified: (ΓÜá The "middle 
   ...leware-to-proxy:String) [], RemoteException
    + FullyQualifiedErrorId : NativeCommandError
 
  Creating an optimized production build ...

> Build error occurred
Error: Turbopack build failed with 1 errors:
./app/api/org/[slug]/assessments/assign-csv/route.ts:4:1
Module not found: Can't resolve 'papaparse'
[0m [90m 2 |[39m [36mimport[39m { getApiSession } 
[36mfrom[39m [32m'@/lib/get-session'[39m[33m;[39m
 [90m 3 |[39m [36mimport[39m { prisma } [36mfrom[39m 
[32m'@/lib/prisma'[39m[33m;[39m
[31m[1m>[22m[39m[90m 4 |[39m [36mimport[39m 
[33mPapa[39m [36mfrom[39m 
[32m'papaparse'[39m[33m;[39m
 [90m   |[39m [31m[1m^[22m[39m[31m[1m^[22m[39m[31m
[1m^[22m[39m[31m[1m^[22m[39m[31m[1m^[22m[39m[31m
[1m^[22m[39m[31m[1m^[22m[39m[31m[1m^[22m[39m[31m[
1m^[22m[39m[31m[1m^[22m[39m[31m[1m^[22m[39m[31m[1
m^[22m[39m[31m[1m^[22m[39m[31m[1m^[22m[39m[31m[1m
^[22m[39m[31m[1m^[22m[39m[31m[1m^[22m[39m[31m[1m^
[22m[39m[31m[1m^[22m[39m[31m[1m^[22m[39m[31m[1m^
[22m[39m[31m[1m^[22m[39m[31m[1m^[22m[39m[31m[1m^[
22m[39m[31m[1m^[22m[39m[31m[1m^[22m[39m[31m[1m^[2
2m[39m[31m[1m^[22m[39m[31m[1m^[22m[39m
 [90m 5 |[39m [36mimport[39m { getIneligibleMemberIds } 
[36mfrom[39m 
[32m'@/lib/assessment-student-restrictions'[39m[33m;[39m
 [90m 6 |[39m
 [90m 7 |[39m [36mexport[39m [36masync[39m 
[36mfunction[39m [33mPOST[39m([0m



https://nextjs.org/docs/messages/module-not-found


    at <unknown> 
(./app/api/org/[slug]/assessments/assign-csv/route.ts:4:1)
    at <unknown> 
(https://nextjs.org/docs/messages/module-not-found)
