app/api/admin/clients/[clientId]/gap-analysis/route.ts(21,118): error TS2339: Property 'clientId' does not exist on type '{ id: string; role: string; tenantId?: string | null | undefined; memberType?: string | undefined; } & { name?: string | null | undefined; email?: string | null | undefined; image?: string | null | undefined; }'.
app/api/clients/[clientId]/available-models/route.ts(14,78): error TS2339: Property 'clientId' does not exist on type '{ id: string; role: string; tenantId?: string | null | undefined; memberType?: string | undefined; } & { name?: string | null | undefined; email?: string | null | undefined; image?: string | null | undefined; }'.
app/api/clients/[clientId]/employees/[employeeId]/assign/route.ts(18,66): error TS2339: Property 'clientId' does not exist on type '{ id: string; role: string; tenantId?: string | null | undefined; memberType?: string | undefined; } & { name?: string | null | undefined; email?: string | null | undefined; image?: string | null | undefined; }'.
app/api/clients/[clientId]/employees/bulk-upload/route.ts(72,69): error TS2322: Type '{ externalId: string; }' is not assignable to type 'MemberWhereUniqueInput'.
  Type '{ externalId: string; }' is not assignable to type '{ id: string; email: string; } & { id?: string | undefined; email?: string | undefined; AND?: MemberWhereInput | MemberWhereInput[] | undefined; ... 20 more ...; managedUnits?: OrganizationUnitListRelationFilter | undefined; }'.
    Type '{ externalId: string; }' is missing the following properties from type '{ id: string; email: string; }': id, email
app/api/clients/[clientId]/employees/bulk-upload/route.ts(97,29): error TS2353: Object literal may only specify known properties, and 'memberId' does not exist in type '(Without<AssessorProfileCreateInput, AssessorProfileUncheckedCreateInput> & AssessorProfileUncheckedCreateInput) | (Without<...> & AssessorProfileCreateInput)'.
app/api/clients/[clientId]/employees/route.ts(14,78): error TS2339: Property 'clientId' does not exist on type '{ id: string; role: string; tenantId?: string | null | undefined; memberType?: string | undefined; } & { name?: string | null | undefined; email?: string | null | undefined; image?: string | null | undefined; }'.
app/api/clients/[clientId]/projects/[projectId]/assignments/[assignmentId]/route.ts(14,78): error TS2339: Property 'clientId' does not exist on type '{ id: string; role: string; tenantId?: string | null | undefined; memberType?: string | undefined; } & { name?: string | null | undefined; email?: string | null | undefined; image?: string | null | undefined; }'.
app/api/clients/[clientId]/projects/[projectId]/assignments/route.ts(15,78): error TS2339: Property 'clientId' does not exist on type '{ id: string; role: string; tenantId?: string | null | undefined; memberType?: string | undefined; } & { name?: string | null | undefined; email?: string | null | undefined; image?: string | null | undefined; }'.
app/api/clients/[clientId]/projects/[projectId]/assignments/route.ts(50,78): error TS2339: Property 'clientId' does not exist on type '{ id: string; role: string; tenantId?: string | null | undefined; memberType?: string | undefined; } & { name?: string | null | undefined; email?: string | null | undefined; image?: string | null | undefined; }'.
app/api/clients/[clientId]/projects/[projectId]/departments/route.ts(18,66): error TS2339: Property 'clientId' does not exist on type '{ id: string; role: string; tenantId?: string | null | undefined; memberType?: string | undefined; } & { name?: string | null | undefined; email?: string | null | undefined; image?: string | null | undefined; }'.
app/api/clients/[clientId]/projects/[projectId]/departments/route.ts(55,66): error TS2339: Property 'clientId' does not exist on type '{ id: string; role: string; tenantId?: string | null | undefined; memberType?: string | undefined; } & { name?: string | null | undefined; email?: string | null | undefined; image?: string | null | undefined; }'.
app/assessments/admin/dashboard/page.tsx(28,54): error TS2339: Property 'clientId' does not exist on type '{ id: string; role: string; tenantId?: string | null | undefined; memberType?: string | undefined; } & { name?: string | null | undefined; email?: string | null | undefined; image?: string | null | undefined; }'.
app/clients/[clientId]/employees/page.tsx(20,74): error TS2339: Property 'clientId' does not exist on type '{ id: string; role: string; tenantId?: string | null | undefined; memberType?: string | undefined; } & { name?: string | null | undefined; email?: string | null | undefined; image?: string | null | undefined; }'.
app/clients/[clientId]/layout.tsx(21,63): error TS2339: Property 'clientId' does not exist on type '{ id: string; role: string; tenantId?: string | null | undefined; memberType?: string | undefined; } & { name?: string | null | undefined; email?: string | null | undefined; image?: string | null | undefined; }'.
app/clients/[clientId]/projects/[projectId]/assignments/[assignmentId]/page.tsx(32,156): error TS2339: Property 'clientId' does not exist on type '{ id: string; role: string; tenantId?: string | null | undefined; memberType?: string | undefined; } & { name?: string | null | undefined; email?: string | null | undefined; image?: string | null | undefined; }'.
app/clients/[clientId]/projects/[projectId]/assignments/[assignmentId]/users/[userId]/page.tsx(31,156): error TS2339: Property 'clientId' does not exist on type '{ id: string; role: string; tenantId?: string | null | undefined; memberType?: string | undefined; } & { name?: string | null | undefined; email?: string | null | undefined; image?: string | null | undefined; }'.
app/clients/[clientId]/projects/[projectId]/page.tsx(23,74): error TS2339: Property 'clientId' does not exist on type '{ id: string; role: string; tenantId?: string | null | undefined; memberType?: string | undefined; } & { name?: string | null | undefined; email?: string | null | undefined; image?: string | null | undefined; }'.
app/clients/[clientId]/projects/page.tsx(21,74): error TS2339: Property 'clientId' does not exist on type '{ id: string; role: string; tenantId?: string | null | undefined; memberType?: string | undefined; } & { name?: string | null | undefined; email?: string | null | undefined; image?: string | null | undefined; }'.
components/admin/AssessmentSideNav.tsx(27,37): error TS2339: Property 'clientId' does not exist on type '{ id: string; role: string; tenantId?: string | null | undefined; memberType?: string | undefined; } & { name?: string | null | undefined; email?: string | null | undefined; image?: string | null | undefined; }'.
