.next/dev/types/app/assessments/admin/models/[modelId]/builder/page.ts(14,13): error TS2344: Type 'OmitWithTag<typeof import("C:/Users/Administrator/Documents/GitHub/SudakshaNWS/app/assessments/admin/models/[modelId]/builder/page"), "default" | "metadata" | "config" | "generateStaticParams" | ... 10 more ... | "generateViewport", "">' does not satisfy the constraint '{ [x: string]: never; }'.
  Property 'AssessmentBuilder' is incompatible with index signature.
    Type '({ modelId, backHref, completeHref }: AssessmentBuilderProps) => Element' is not assignable to type 'never'.
app/assessments/admin/models/[modelId]/builder/page.tsx(155,56): error TS2339: Property 'id' does not exist on type '{ name: string; category: string; indicators?: { id: string; text: string; level: string; }[] | undefined; }'.
app/assessments/admin/models/[modelId]/builder/page.tsx(157,29): error TS2345: Argument of type '{ name: string; category: string; indicators?: { id: string; text: string; level: string; }[] | undefined; }[]' is not assignable to parameter of type 'SetStateAction<Competency[]>'.
  Type '{ name: string; category: string; indicators?: { id: string; text: string; level: string; }[] | undefined; }[]' is not assignable to type 'Competency[]'.
    Property 'id' is missing in type '{ name: string; category: string; indicators?: { id: string; text: string; level: string; }[] | undefined; }' but required in type 'Competency'.
app/assessments/admin/models/[modelId]/builder/page.tsx(461,84): error TS2345: Argument of type 'Competency' is not assignable to parameter of type 'Pick<{ name: string; id: string; description: string; category: CompetencyCategory; industries: Industry[]; createdBy: string | null; createdAt: Date; updatedAt: Date; ... 15 more ...; teamId: string | null; }, "category">'.
  Types of property 'category' are incompatible.
    Type 'string' is not assignable to type 'CompetencyCategory'.
app/assessments/admin/models/create/page.tsx(83,32): error TS2345: Argument of type 'Set<unknown>' is not assignable to parameter of type 'SetStateAction<Set<string>>'.
  Type 'Set<unknown>' is not assignable to type 'Set<string>'.
    Type 'unknown' is not assignable to type 'string'.
app/assessments/clients/[clientId]/assessments/[modelId]/questions/page.tsx(29,11): error TS7022: 'params' implicitly has type 'any' because it does not have a type annotation and is referenced directly or indirectly in its own initializer.
app/assessments/clients/[clientId]/assessments/[modelId]/questions/page.tsx(29,24): error TS2448: Block-scoped variable 'params' used before its declaration.
app/assessments/individuals/my-assessments/page.tsx(35,37): error TS2322: Type '"IN_PROGRESS"' is not assignable to type 'AssessmentStatus'.
app/assessments/individuals/my-assessments/page.tsx(35,52): error TS2322: Type '"ASSIGNED"' is not assignable to type 'AssessmentStatus'.
app/assessments/org/[slug]/classes/[classId]/page.tsx(33,7): error TS2322: Type '{ description: string | undefined; department: { id: string; name: string; code: string; } | null; course: { id: string; name: string; code: string; slug: string; } | null; courseId: string | null; ... 15 more ...; managerId: string | null; }' is not assignable to type '{ id: string; name: string; code: string; description?: string | undefined; department?: { id: string; name: string; code: string; } | undefined; course?: { id: string; name: string; code: string; slug: string; } | null | undefined; courseId?: string | ... 1 more ... | undefined; classTeacher?: { ...; } | ... 1 more...'.
  Types of property 'department' are incompatible.
    Type '{ id: string; name: string; code: string; } | null' is not assignable to type '{ id: string; name: string; code: string; } | undefined'.
      Type 'null' is not assignable to type '{ id: string; name: string; code: string; } | undefined'.
