app/api/org/[slug]/assessments/assign-csv/route.ts(118,21): error TS2353: Object literal may only specify known properties, and 'dueDate' does not exist in type 'Without<MemberAssessmentCreateInput, MemberAssessmentUncheckedCreateInput> & MemberAssessmentUncheckedCreateInput'.
app/assessments/individuals/competencies/page.tsx(61,86): error TS2304: Cannot find name 'newLevel'.
app/assessments/individuals/competencies/page.tsx(85,14): error TS2304: Cannot find name 'newName'.
app/assessments/individuals/competencies/page.tsx(96,27): error TS2304: Cannot find name 'newName'.
app/assessments/individuals/competencies/page.tsx(108,86): error TS2304: Cannot find name 'newName'.
app/assessments/individuals/competencies/page.tsx(108,102): error TS2304: Cannot find name 'newLevel'.
app/assessments/individuals/competencies/page.tsx(117,17): error TS2304: Cannot find name 'setNewName'.
app/assessments/individuals/competencies/page.tsx(199,81): error TS2304: Cannot find name 'newName'.
app/assessments/individuals/competencies/page.tsx(199,212): error TS2304: Cannot find name 'setNewName'.
app/assessments/individuals/competencies/page.tsx(200,80): error TS2304: Cannot find name 'newName'.
app/assessments/individuals/competencies/page.tsx(200,210): error TS2304: Cannot find name 'setNewName'.
app/assessments/individuals/competencies/page.tsx(204,27): error TS2304: Cannot find name 'newName'.
app/assessments/individuals/competencies/page.tsx(221,143): error TS2304: Cannot find name 'newLevel'.
app/assessments/individuals/competencies/page.tsx(221,168): error TS2304: Cannot find name 'setNewLevel'.
app/assessments/individuals/competencies/page.tsx(237,51): error TS2304: Cannot find name 'newName'.
app/assessments/individuals/competencies/page.tsx(237,84): error TS2304: Cannot find name 'newName'.
app/assessments/individuals/competencies/page.tsx(237,108): error TS2304: Cannot find name 'setNewName'.
app/assessments/individuals/competencies/page.tsx(280,143): error TS2304: Cannot find name 'newLevel'.
app/assessments/individuals/competencies/page.tsx(280,168): error TS2304: Cannot find name 'setNewLevel'.
app/assessments/individuals/competencies/page.tsx(287,153): error TS2304: Cannot find name 'newName'.
app/assessments/individuals/competencies/page.tsx(287,180): error TS2304: Cannot find name 'newName'.
app/assessments/org/[slug]/profile/page.tsx(2,39): error TS1261: Already included file name 'C:/Users/Administrator/Documents/GitHub/SudakshaNWS/components/profile/RestrictedProfileForm.tsx' differs from file name 'C:/Users/Administrator/Documents/GitHub/SudakshaNWS/components/Profile/RestrictedProfileForm.tsx' only in casing.
  The file is in the program because:
    Imported via "@/components/profile/RestrictedProfileForm" from file 'C:/Users/Administrator/Documents/GitHub/SudakshaNWS/app/assessments/org/[slug]/profile/page.tsx'
    Matched by include pattern '**/*.tsx' in 'C:/Users/Administrator/Documents/GitHub/SudakshaNWS/tsconfig.json'
scripts/seed-master-data.ts(1,9): error TS2451: Cannot redeclare block-scoped variable 'PrismaClient'.
scripts/seed-master-data.ts(3,7): error TS2451: Cannot redeclare block-scoped variable 'prisma'.
scripts/seed-master-data.ts(5,16): error TS2393: Duplicate function implementation.
scripts/test_phase6_unified.ts(1,9): error TS2451: Cannot redeclare block-scoped variable 'PrismaClient'.
scripts/test_phase6_unified.ts(2,7): error TS2451: Cannot redeclare block-scoped variable 'prisma'.
scripts/test_phase6_unified.ts(4,16): error TS2393: Duplicate function implementation.
scripts/verify_phase6.ts(1,9): error TS2451: Cannot redeclare block-scoped variable 'PrismaClient'.
scripts/verify_phase6.ts(2,7): error TS2451: Cannot redeclare block-scoped variable 'prisma'.
scripts/verify_phase6.ts(4,16): error TS2393: Duplicate function implementation.
scripts/verify_phase_a_assignments.ts(24,13): error TS2322: Type '{ name: string; slug: string; type: "CORPORATE"; }' is not assignable to type '(Without<TenantCreateInput, TenantUncheckedCreateInput> & TenantUncheckedCreateInput) | (Without<...> & TenantCreateInput)'.
  Type '{ name: string; slug: string; type: "CORPORATE"; }' is not assignable to type 'Without<TenantUncheckedCreateInput, TenantCreateInput> & TenantCreateInput'.
    Type '{ name: string; slug: string; type: "CORPORATE"; }' is missing the following properties from type 'TenantCreateInput': email, createdBy
scripts/verify_phase_a_assignments.ts(35,13): error TS2322: Type '{ email: string; name: string; role: "EMPLOYEE"; }' is not assignable to type '(Without<UserCreateInput, UserUncheckedCreateInput> & UserUncheckedCreateInput) | (Without<...> & UserCreateInput)'.
  Type '{ email: string; name: string; role: "EMPLOYEE"; }' is not assignable to type 'Without<UserUncheckedCreateInput, UserCreateInput> & UserCreateInput'.
    Property 'password' is missing in type '{ email: string; name: string; role: "EMPLOYEE"; }' but required in type 'UserCreateInput'.
scripts/verify_phase_a_assignments.ts(44,13): error TS2322: Type '{ email: string; name: string; role: "EMPLOYEE"; }' is not assignable to type '(Without<UserCreateInput, UserUncheckedCreateInput> & UserUncheckedCreateInput) | (Without<...> & UserCreateInput)'.
  Type '{ email: string; name: string; role: "EMPLOYEE"; }' is not assignable to type 'Without<UserUncheckedCreateInput, UserCreateInput> & UserCreateInput'.
    Property 'password' is missing in type '{ email: string; name: string; role: "EMPLOYEE"; }' but required in type 'UserCreateInput'.
scripts/verify_phase_a_assignments.ts(77,13): error TS2322: Type '{ tenantId: string; type: "PROJECT"; name: string; status: "ACTIVE"; }' is not assignable to type '(Without<ActivityCreateInput, ActivityUncheckedCreateInput> & ActivityUncheckedCreateInput) | (Without<...> & ActivityCreateInput)'.
  Type '{ tenantId: string; type: "PROJECT"; name: string; status: "ACTIVE"; }' is not assignable to type 'Without<ActivityCreateInput, ActivityUncheckedCreateInput> & ActivityUncheckedCreateInput'.
    Type '{ tenantId: string; type: "PROJECT"; name: string; status: "ACTIVE"; }' is missing the following properties from type 'ActivityUncheckedCreateInput': slug, startDate, createdBy
scripts/verify_phase_a_assignments.ts(90,17): error TS2353: Object literal may only specify known properties, and 'title' does not exist in type 'Without<AssessmentModelCreateInput, AssessmentModelUncheckedCreateInput> & AssessmentModelUncheckedCreateInput'.
scripts/verify_phase_a_assignments.ts(101,17): error TS2353: Object literal may only specify known properties, and 'assessmentModelId' does not exist in type 'Without<ProjectAssessmentModelCreateInput, ProjectAssessmentModelUncheckedCreateInput> & ProjectAssessmentModelUncheckedCreateInput'.
